C51 COMPILER V8.08   MAIN                                                                  08/14/2020 15:31:42 PAGE 1   


C51 COMPILER V8.08, COMPILATION OF MODULE MAIN
OBJECT MODULE PLACED IN main.OBJ
COMPILER INVOKED BY: C:\Keil\C51\BIN\C51.EXE main.c BROWSE DEBUG OBJECTEXTEND

line level    source

   1          #include "DP80390CPU.H"
   2          #include "common.h"
   3          #include "register.h"
   4          #include "intrins.h"
   5          
   6          
   7          #define LED_ON()        PCREG &= ~0x08
   8          #define LED_OFF()       PCREG |= 0x08
   9          
  10          
  11          void delay_20us(unsigned char N);
  12          void MCU_Init();
  13          
  14          void main()
  15          {
  16   1              MCU_Init();
  17   1      
  18   1              while(1)
  19   1              {
  20   2      
  21   2                      delay_20us(250);
  22   2                      PCON |= 0X02;   //mcu_stop                      
  23   2                      _nop_();
  24   2                      _nop_();
  25   2                      _nop_();
  26   2                      _nop_();
  27   2                        
  28   2              }       
  29   1      
  30   1      }
  31          
  32          void MCU_Init()
  33          {
  34   1              SYS_REG_MASK = 0xA5;
  35   1              SYS_REG1 = 0x18;         //关闭看门狗使能，打开低压复位，打开高速振荡器
  36   1              SYS_REG3 = 0x10;         
  37   1              SYS_REG2 = 0x03;         //高速时钟不分频，空闲模式
  38   1              SYS_REG4 = 0x01;         //PWM用高速时钟
  39   1              LXT_START = 0X00;
  40   1      
  41   1              IE = 0x85;                                      //全局中断，int1(),int0()中断使能
  42   1              IP = 0x01;                                              //int0优先
  43   1              TCON = 0x05;                                    //int0,int1为沿触发     
  44   1                
  45   1              
  46   1              BANDGAP_TEMP = 0x04;
  47   1              LDO2_CTRL = 0X00;
  48   1      
  49   1              
  50   1              PADIR = 0x01;
  51   1              PAPU = 0XFe;
  52   1              PAREG = 0x00;
  53   1      
  54   1              PCDIR = 0x08;           //红色led等pc3
  55   1              PCPU = 0XF7;
C51 COMPILER V8.08   MAIN                                                                  08/14/2020 15:31:42 PAGE 2   

  56   1              PCREG = 0x08;
  57   1              ADPCR = 0X30;
  58   1      
  59   1              PBDIR = 0x08;                   //pb3输出低电平
  60   1              PBPU = ~0x08;                   //pb3不上拉
  61   1              PBREG = 0x00;
  62   1      
  63   1      
  64   1              PWM_PERIOD0L = 0x98;    //pwm周期为3.4KHz   时钟４Ｍ
  65   1              PWM_PERIOD0H = 0x04;
  66   1      //      PWM_PERIOD0L = 0xe2;    //pwm周期为3.2KHz   时钟４Ｍ
  67   1      //      PWM_PERIOD0H = 0x04;                                                       
  68   1                                                                 
  69   1              DZ_CTRL = 0x05;                 //pwm0互补输出,全N模式
  70   1              PWM_CTRL = 0x40;                //pwm0装载，连续输出，初始电平为0  
  71   1      
  72   1              WAKEUP_EDGE_REG = 0x42; //下降沿唤醒
  73   1      
  74   1      
  75   1              IRED_CTRL = 0x09;               //设置发射电流
  76   1              MISC = 0x40;                    //pb6复用IRED  
  77   1      
  78   1      /******************uart*********************/
  79   1      /*      MISC |= 0x80;   //复用uart口
  80   1              SCON =  0X40;   //方式1,溢出率／３２
  81   1              TTMOD2 = 0x00;  //使用timer1产生波特率，16位计数
  82   1              TMOD = 0x00;    //不分频，４Ｍ
  83   1              TH1 =  0X00;
  84   1              TL1 = 0X0c;             //104ｕｓ，9600ｂｐｓ
  85   1              TTCON = 0x2a;      */
  86   1      /*******************************************/
  87   1      
  88   1      
  89   1              OPA1C0 = 0x23;          //积分增益为８倍
  90   1              OPA1C1 = 0x0c;          //OPA1连接红外接收管
  91   1              OPA1MODE = 0x04;        //设置成开环    
  92   1      
  93   1              LVDC = 0x05;            //低压复位2.5V
  94   1              
  95   1      //      TBC = 0xa6;                //TBC开启2s定时
  96   1      //      TBC = 0x08;                //TBC0开启4s定时,TBC1关闭
  97   1      //      TBC = 0X40;
  98   1      //      TBC = 0x84;                //TBC开启0.5s定时
  99   1      //      INTML = 0xf7;      //TBC中断使能
 100   1      //      INTSEL0L = 0x08;   //TBC中断从int0进入  */ 
 101   1               
 102   1              TMR3C = 0X50;           //timer3使用低速时钟,不使能
 103   1              TMR3L = 0X00;
 104   1              TMR3H = 0X06;           //0.125ms*64000=8s
 105   1      //      INTML = 0XDF;           //TIMER23中断开启
 106   1              INTSEL0L = 0X20;        //TIMER23中断选择int0输出 
 107   1      
 108   1              WDCNTM = 0x38;
 109   1              WDCNTH = 0x01;          //8K时钟，10s钟
 110   1              WDCON = 0x00;           //关闭看门狗模块
 111   1              WDCON |= 0x10;  
 112   1      
 113   1      
 114   1              delay_20us(250);        
 115   1      }
 116          
 117          
C51 COMPILER V8.08   MAIN                                                                  08/14/2020 15:31:42 PAGE 3   

 118          void delay_20us(unsigned char N)
 119          {
 120   1          unsigned char i;
 121   1          while(N--)     //6cycle
 122   1          {
 123   2              for(i=5;i>0;i--);
 124   2          }
 125   1      
 126   1      }
 127          
 128          


MODULE INFORMATION:   STATIC OVERLAYABLE
   CODE SIZE        =    222    ----
   CONSTANT SIZE    =   ----    ----
   XDATA SIZE       =   ----    ----
   PDATA SIZE       =   ----    ----
   DATA SIZE        =   ----    ----
   IDATA SIZE       =   ----    ----
   BIT SIZE         =   ----    ----
END OF MODULE INFORMATION.


C51 COMPILATION COMPLETE.  0 WARNING(S),  0 ERROR(S)
