C51 COMPILER V8.08   MAIN                                                                  08/11/2020 14:19:14 PAGE 1   


C51 COMPILER V8.08, COMPILATION OF MODULE MAIN
OBJECT MODULE PLACED IN main.OBJ
COMPILER INVOKED BY: C:\Keil\C51\BIN\C51.EXE main.c BROWSE DEBUG OBJECTEXTEND

line level    source

   1          #include "DP80390CPU.H"
   2          #include "common.h"
   3          #include "register.h"
   4          #include "intrins.h"
   5          
   6          
   7          #define LED_ON()        PCREG &= ~0x08
   8          #define LED_OFF()       PCREG |= 0x08
   9          
  10          
  11          void delay_20us(unsigned char N);
  12          void MCU_Init();
  13          
  14          void main()
  15          {
  16   1              MCU_Init();
  17   1      
  18   1              while(1)
  19   1              {
  20   2                      WDCON |= 0x10;
  21   2                      PWM_CTRL |= 0x02;
  22   2                                        
  23   2              }       
  24   1      
  25   1      
  26   1      }
  27          
  28          void MCU_Init()
  29          {
  30   1              SYS_REG_MASK = 0xA5;
  31   1              SYS_REG1 = 0x58;         //打开看门狗使能，打开低压复位，打开高速振荡器
  32   1              SYS_REG3 = 0x10;         //     
  33   1              SYS_REG2 = 0x02;         //低速时钟
  34   1              SYS_REG4 = 0x00;         //低速时钟
  35   1              LXT_START = 0X00;
  36   1      
  37   1              IE = 0x85;                                      //全局中断，int1(),int0()中断使能
  38   1              IP = 0x01;                                              //int0优先
  39   1              TCON = 0x05;                                    //int0,int1为沿触发     
  40   1                
  41   1              
  42   1      
  43   1              BANDGAP_TEMP = 0x05;
  44   1              LDO2_CTRL = 0X03;
  45   1      
  46   1              
  47   1              PADIR = 0x01;
  48   1              PAPU = 0XFe;
  49   1              PAREG = 0x00;
  50   1      
  51   1              PCDIR = 0x08;    //红色led灯pc3
  52   1              PCPU = 0XF7;
  53   1              PCREG = 0x08;
  54   1              ADPCR = 0X30;
  55   1      
C51 COMPILER V8.08   MAIN                                                                  08/11/2020 14:19:14 PAGE 2   

  56   1              PBDIR = 0x08;                   //pb3输出低电平
  57   1              PBPU = ~0x08;                   //pb3不上拉
  58   1              PBREG = 0x00;                     
  59   1      
  60   1      
  61   1              PWM_PERIOD1L = 0x08;            //pwm1周期为1KHz   时钟8K
  62   1              PWM_PERIOD1H = 0x00;
  63   1              PWM_PULSE1L = 0x04;
  64   1              PWM_PULSE1H = 0x00;                                                                
  65   1              DZ_CTRL = 0x0a;                 //pwm1互补输出,全N模式
  66   1              PWM_CTRL = 0x80;                //pwm1装载，连续输出，初始电平为0 
  67   1               
  68   1      
  69   1              WAKEUP_EDGE_REG = 0x42;         //下降沿唤醒
  70   1      
  71   1      
  72   1              IRED_CTRL = 0x09;               //设置发射电流
  73   1              MISC = 0x40;                    //pb6复用IRED  
  74   1      
  75   1      /******************uart*********************/
  76   1      /*      MISC |= 0x80;   //复用uart口
  77   1              SCON =  0X40;   //方式1,溢出率／３２
  78   1              TTMOD2 = 0x00;  //使用timer1产生波特率，16位计数
  79   1              TMOD = 0x00;    //不分频，４Ｍ
  80   1              TH1 =  0X00;
  81   1              TL1 = 0X0c;             //104ｕｓ，9600ｂｐｓ
  82   1              TTCON = 0x2a;      */
  83   1      /*******************************************/
  84   1      
  85   1      
  86   1              OPA1C0 = 0x23;          //积分增益为８倍
  87   1              OPA1C1 = 0x0c;          //OPA1连接红外接收管
  88   1              OPA1MODE = 0x04;        //设置成开环    
  89   1      
  90   1              LVDC = 0x05;            //2.5V
  91   1              
  92   1      //      TBC = 0xa6;                //TBC开启2s定时
  93   1      //      TBC = 0x08;                //TBC0开启4s定时,TBC1关闭
  94   1      //      TBC = 0X40;
  95   1      //      TBC = 0x84;                //TBC开启0.5s定时
  96   1      //      INTML = 0xf7;      //TBC中断使能
  97   1      //      INTSEL0L = 0x08;   //TBC中断从int0进入  */ 
  98   1               
  99   1              TMR3C = 0X58;           //timer3使用低速时钟,并使能
 100   1              TMR3L = 0X00;
 101   1              TMR3H = 0X06;           //0.125ms*64000=8s
 102   1      //      INTML = 0XDF;           //TIMER23中断开启
 103   1              INTSEL0L = 0X20;        //TIMER23中断选择int0输出        
 104   1      
 105   1              WDCNTM = 0x38;
 106   1              WDCNTH = 0x01;          //8K时钟，10s钟
 107   1              WDCON = 0x28;           //开启看门狗复位功能
 108   1              WDCON |= 0x10;  
 109   1      
 110   1      
 111   1              delay_20us(250);   
 112   1              
 113   1      }
 114          
 115          
 116          void delay_20us(unsigned char N)
 117          {
C51 COMPILER V8.08   MAIN                                                                  08/11/2020 14:19:14 PAGE 3   

 118   1          unsigned char i;
 119   1          while(N--)     //6cycle
 120   1          {
 121   2              for(i=5;i>0;i--);
 122   2          }
 123   1      
 124   1      }


MODULE INFORMATION:   STATIC OVERLAYABLE
   CODE SIZE        =    226    ----
   CONSTANT SIZE    =   ----    ----
   XDATA SIZE       =   ----    ----
   PDATA SIZE       =   ----    ----
   DATA SIZE        =   ----    ----
   IDATA SIZE       =   ----    ----
   BIT SIZE         =   ----    ----
END OF MODULE INFORMATION.


C51 COMPILATION COMPLETE.  0 WARNING(S),  0 ERROR(S)
