C51 COMPILER V8.08   MAIN                                                                  08/07/2020 13:39:58 PAGE 1   


C51 COMPILER V8.08, COMPILATION OF MODULE MAIN
OBJECT MODULE PLACED IN main.OBJ
COMPILER INVOKED BY: C:\Keil\C51\BIN\C51.EXE main.c BROWSE DEBUG OBJECTEXTEND

line level    source

   1          #include "DP80390CPU.H"
   2          #include "common.h"
   3          #include "register.h"
   4          #include "intrins.h"
   5          
   6          
   7          #define LED_ON()        PCREG &= ~0x08
   8          #define LED_OFF()       PCREG |= 0x08
   9          
  10          
  11          void delay_20us(unsigned char N);
  12          void MCU_Init();
  13          
  14          void main()
  15          {
  16   1              MCU_Init();
  17   1      
  18   1              while(1)
  19   1              {
  20   2      
  21   2                      WDCON |= 0x10;
  22   2                      PWM_CTRL |= 0x02;
  23   2                                        
  24   2              }       
  25   1      }
  26          
  27          void MCU_Init()
  28          {
  29   1              SYS_REG_MASK = 0xA5;
  30   1              SYS_REG1 = 0x58;         //打开看门狗使能，打开低压复位，打开高速振荡器
  31   1              SYS_REG3 = 0x10;                
  32   1              SYS_REG2 = 0x02;         //低速时钟，空闲模式
  33   1              SYS_REG4 = 0x00;         //PWM用低速时钟
  34   1              LXT_START = 0X00;
  35   1      
  36   1              IE = 0x85;                                      //全局中断，int1(),int0()中断使能
  37   1              IP = 0x01;                                              //int0优先
  38   1              TCON = 0x05;                                    //int0,int1为沿触发     
  39   1                
  40   1      
  41   1              BANDGAP_TEMP = 0x05;
  42   1              LDO2_CTRL = 0X03;
  43   1      
  44   1              
  45   1              PADIR = 0x01;
  46   1              PAPU = 0XFe;
  47   1              PAREG = 0x00;
  48   1      
  49   1              PCDIR = 0x08;           //红色led灯pc3
  50   1              PCPU = 0XF7;
  51   1              PCREG = 0x08;
  52   1              ADPCR = 0X30;
  53   1      
  54   1              PBDIR = 0x08;                   //pb3输出低电平
  55   1              PBPU = ~0x08;                   //pb3不上拉
C51 COMPILER V8.08   MAIN                                                                  08/07/2020 13:39:58 PAGE 2   

  56   1              PBREG = 0x00;                     
  57   1      
  58   1      
  59   1              PWM_PERIOD1L = 0x08;            //pwm1周期为1KHz   时钟8K
  60   1              PWM_PERIOD1H = 0x00;
  61   1              PWM_PULSE1L = 0x04;
  62   1              PWM_PULSE1H = 0x00;                                                                
  63   1              DZ_CTRL = 0x0a;                 //pwm1互补输出,全N模式
  64   1              PWM_CTRL = 0x80;                //pwm1装载，连续输出，初始电平为0 
  65   1               
  66   1      
  67   1              WAKEUP_EDGE_REG = 0x42; //下降沿唤醒
  68   1      
  69   1      
  70   1              IRED_CTRL = 0x09;               //设置发射电流
  71   1              MISC = 0x40;                    //pb6复用IRED  
  72   1      
  73   1      
  74   1      /******************uart*********************/
  75   1      /*      MISC |= 0x80;   //复用uart口
  76   1              SCON =  0X40;   //方式1,溢出率／３２
  77   1              TTMOD2 = 0x00;  //使用timer1产生波特率，16位计数
  78   1              TMOD = 0x00;    //不分频，４Ｍ
  79   1              TH1 =  0X00;
  80   1              TL1 = 0X0c;             //104ｕｓ，9600ｂｐｓ
  81   1              TTCON = 0x2a;      */
  82   1      /*******************************************/
  83   1      
  84   1      
  85   1              OPA1C0 = 0x23;          //积分增益为８倍
  86   1              OPA1C1 = 0x0c;          //OPA1连接红外接收管
  87   1              OPA1MODE = 0x04;        //设置成开环 
  88   1                      
  89   1      
  90   1              LVDC = 0x05;            //低压复位2.5V
  91   1      
  92   1              
  93   1      //      TBC = 0xa6;                //TBC开启2s定时
  94   1      //      TBC = 0x08;                //TBC0开启4s定时,TBC1关闭
  95   1      //      TBC = 0X40;
  96   1      //      TBC = 0x84;                //TBC开启0.5s定时
  97   1      //      INTML = 0xf7;      //TBC中断使能
  98   1      //      INTSEL0L = 0x08;   //TBC中断从int0进入  */ 
  99   1      
 100   1               
 101   1              TMR3C = 0X58;           //timer3使用低速时钟,并使能
 102   1              TMR3L = 0X00;
 103   1              TMR3H = 0X06;           //0.125ms*64000=8s
 104   1      //      INTML = 0XDF;           //TIMER23中断开启
 105   1              INTSEL0L = 0X20;        //TIMER23中断选择int0输出
 106   1               
 107   1      
 108   1              WDCNTM = 0x38;
 109   1              WDCNTH = 0x01;          //8K时钟，10s钟
 110   1              WDCON = 0x28;           //开启看门狗复位功能
 111   1              WDCON |= 0x10;  
 112   1      
 113   1      
 114   1              delay_20us(250);        
 115   1      }
 116          
 117          
C51 COMPILER V8.08   MAIN                                                                  08/07/2020 13:39:58 PAGE 3   

 118          void delay_20us(unsigned char N)
 119          {
 120   1          unsigned char i;
 121   1          while(N--)     //6cycle
 122   1          {
 123   2              for(i=5;i>0;i--);
 124   2          }
 125   1      
 126   1      }


MODULE INFORMATION:   STATIC OVERLAYABLE
   CODE SIZE        =    226    ----
   CONSTANT SIZE    =   ----    ----
   XDATA SIZE       =   ----    ----
   PDATA SIZE       =   ----    ----
   DATA SIZE        =   ----    ----
   IDATA SIZE       =   ----    ----
   BIT SIZE         =   ----    ----
END OF MODULE INFORMATION.


C51 COMPILATION COMPLETE.  0 WARNING(S),  0 ERROR(S)
