C51 COMPILER V8.08   MAIN                                                                  08/21/2020 13:12:04 PAGE 1   


C51 COMPILER V8.08, COMPILATION OF MODULE MAIN
OBJECT MODULE PLACED IN main.OBJ
COMPILER INVOKED BY: C:\Keil\C51\BIN\C51.EXE main.c BROWSE DEBUG OBJECTEXTEND

line level    source

   1          #include "DP80390CPU.H"
   2          #include "common.h"
   3          #include "register.h"
   4          #include "intrins.h"
   5          
   6          
   7          #define LED_ON()        PCREG &= ~0x08
   8          #define LED_OFF()       PCREG |= 0x08
   9          
  10          
  11          void delay_20us(unsigned char N);
  12          void MCU_Init();
  13          
  14          void main()
  15          {
  16   1              MCU_Init();
  17   1      
  18   1              while(1)
  19   1              {
  20   2                      WDCON |= 0x10;
  21   2      
  22   2                                        
  23   2              }       
  24   1      
  25   1      
  26   1      }
  27          
  28          void MCU_Init()
  29          {
  30   1              unsigned char i,temp[3],temp2[3];
  31   1              SYS_REG_MASK = 0xA5;
  32   1              SYS_REG1 = 0x58;         //打开看门狗使能，打开低压复位，打开高速振荡器
  33   1              SYS_REG3 = 0x10;         //     
  34   1              SYS_REG2 = 0x03;         //高速时钟不分频，空闲模式
  35   1              SYS_REG4 = 0x01;         //PWM用高速时钟不分频
  36   1              LXT_START = 0X00;
  37   1      
  38   1              IE = 0x85;                                      //全局中断，int1(),int0()中断使能
  39   1              IP = 0x01;                                              //int0优先
  40   1              TCON = 0x05;                                    //int0,int1为沿触发     
  41   1                
  42   1              
  43   1      
  44   1              BANDGAP_TEMP = 0x05;
  45   1              LDO2_CTRL = 0X03;
  46   1      
  47   1              
  48   1              PADIR = 0x01;
  49   1              PAPU = 0XFe;
  50   1              PAREG = 0x00;
  51   1      
  52   1              PCDIR = 0x08;            //红色led灯pc3
  53   1              PCPU = 0XF7;
  54   1              PCREG = 0x08;
  55   1              ADPCR = 0X30;
C51 COMPILER V8.08   MAIN                                                                  08/21/2020 13:12:04 PAGE 2   

  56   1      
  57   1              PBDIR = 0x08;                   //pb3输出低电平
  58   1              PBPU = ~0x08;                   //pb3不上拉
  59   1              PBREG = 0x00;
  60   1      
  61   1      
  62   1              PWM_PERIOD1L = 0x28;            //pwm1周期为100KHz   时钟4M
  63   1              PWM_PERIOD1H = 0x00;
  64   1              PWM_PULSE1L = 0x14;
  65   1              PWM_PULSE1H = 0x00;                                                                
  66   1              DZ_CTRL = 0x0a;                 //pwm1互补输出,全N模式
  67   1              PWM_CTRL = 0x80;                //pwm1装载，连续输出，初始电平为0  
  68   1      
  69   1      
  70   1              WAKEUP_EDGE_REG = 0x42;         //下降沿唤醒
  71   1      
  72   1      
  73   1              IRED_CTRL = 0x09;               //设置发射电流
  74   1              MISC = 0x40;                    //pb6复用IRED  
  75   1      
  76   1      /******************uart*********************/
  77   1      /*      MISC |= 0x80;   //复用uart口
  78   1              SCON =  0X40;   //方式1,溢出率／３２
  79   1              TTMOD2 = 0x00;  //使用timer1产生波特率，16位计数
  80   1              TMOD = 0x00;    //不分频，４Ｍ
  81   1              TH1 =  0X00;
  82   1              TL1 = 0X0c;             //104ｕｓ，9600ｂｐｓ
  83   1              TTCON = 0x2a;      */
  84   1      /*******************************************/
  85   1      
  86   1      
  87   1              OPA1C0 = 0x23;          //积分增益为８倍
  88   1              OPA1C1 = 0x0c;          //OPA1连接红外接收管
  89   1              OPA1MODE = 0x04;        //设置成开环    
  90   1      
  91   1              LVDC = 0x05;            //2.5V
  92   1              
  93   1      //      TBC = 0xa6;                //TBC开启2s定时
  94   1      //      TBC = 0x08;                //TBC0开启4s定时,TBC1关闭
  95   1      //      TBC = 0X40;
  96   1      //      TBC = 0x84;                //TBC开启0.5s定时
  97   1      //      INTML = 0xf7;      //TBC中断使能
  98   1      //      INTSEL0L = 0x08;   //TBC中断从int0进入  */ 
  99   1               
 100   1              TMR3C = 0X58;           //timer3使用低速时钟,并使能
 101   1              TMR3L = 0X00;
 102   1              TMR3H = 0X06;           //0.125ms*64000=8s
 103   1      //      INTML = 0XDF;           //TIMER23中断开启
 104   1              INTSEL0L = 0X20;        //TIMER23中断选择int0输出        
 105   1      
 106   1              WDCNTM = 0x38;
 107   1              WDCNTH = 0x01;          //8K时钟，10s钟
 108   1              WDCON = 0x28;           //开启看门狗复位功能
 109   1              WDCON |= 0x10;  
 110   1      
 111   1      
 112   1              temp[0] = 0x55;
 113   1              temp[1] = ~temp[0];
 114   1              temp[2] = 0x68;
 115   1              E2P_ADDRH=0x00; //E2地址
 116   1              E2P_ADDRL=0x00;
 117   1              E2P_CTRL = 0x20;
C51 COMPILER V8.08   MAIN                                                                  08/21/2020 13:12:04 PAGE 3   

 118   1              for(i=0;i<3;i++)
 119   1              {
 120   2                 E2P_DATA=temp[i];//数据
 121   2                 if(i<2)
 122   2                         E2P_CTRL=0x23;       //启动写
 123   2                 else
 124   2                         E2P_CTRL=0x21;       //启动写最后一个字节
 125   2                 while(!(E2P_FLAG&0x02));//判断是否写完       
 126   2              }
 127   1      
 128   1              delay_20us(250);
 129   1      
 130   1              E2P_ADDRH=0x00; //起始地址
 131   1              E2P_ADDRL=0x01;
 132   1              E2P_CTRL = 0x10;
 133   1              for(i=0;i<3;i++)
 134   1              {
 135   2                 if(i<2)
 136   2                         E2P_CTRL=0x13;       //启动读
 137   2                 else
 138   2                         E2P_CTRL=0x11;       //启动度
 139   2                 while(!(E2P_FLAG&0x01));//判断是否写完
 140   2                 temp2[i]=E2P_DATA;
 141   2              }
 142   1      
 143   1              delay_20us(250);
 144   1               
 145   1              if((temp2[0]==(~temp2[1]))&&(temp2[2]==0x68))
 146   1              {
 147   2                      PWM_CTRL |= 0x02;               
 148   2              }
 149   1      
 150   1              delay_20us(250);   
 151   1              
 152   1      }
 153          
 154          
 155          
 156          void delay_20us(unsigned char N)
 157          {
 158   1          unsigned char i;
 159   1          while(N--)     //6cycle
 160   1          {
 161   2              for(i=5;i>0;i--);
 162   2          }
 163   1      
 164   1      }
 165          
 166          
 167          


MODULE INFORMATION:   STATIC OVERLAYABLE
   CODE SIZE        =    371    ----
   CONSTANT SIZE    =   ----    ----
   XDATA SIZE       =   ----    ----
   PDATA SIZE       =   ----    ----
   DATA SIZE        =   ----       6
   IDATA SIZE       =   ----    ----
   BIT SIZE         =   ----    ----
END OF MODULE INFORMATION.


C51 COMPILATION COMPLETE.  0 WARNING(S),  0 ERROR(S)
